これはテストです。
日本語プログラミング言語より。